C51 COMPILER V9.59.0.0   MAIN                                                              07/31/2020 07:55:37 PAGE 1   


C51 COMPILER V9.59.0.0, COMPILATION OF MODULE MAIN
OBJECT MODULE PLACED IN .\Objects\main.obj
COMPILER INVOKED BY: C:\Keil_v5\C51\BIN\C51.EXE main.c OPTIMIZE(8,SPEED) BROWSE DEBUG OBJECTEXTEND PRINT(.\Listings\main
                    -.lst) TABS(2) OBJECT(.\Objects\main.obj)

line level    source

   1          #include "15w.h"
   2          #include "INTRINS.H"
   3          #include <MATH.H>
   4          
   5          // 声明元器件管脚
   6          
   7          #define Vcc P20   //电源正极
   8          #define Gnd P21   //电源负极
   9          #define Scl P22   //I2C时钟线
  10          #define Sda P23   //I2C数据线
  11          #define Xda P24   //外接I2C数据线
  12          #define Xcl P25   //外接I2C时钟线
  13          #define Ad0 P26   //I2C地址最低位
  14          #define Int P27   //中断信号输出
  15          
  16          // 声明串口传输设置
  17          
  18          #define FOSC 24000000L    //系统频率
  19          #define BAUD 115200     //波特率
  20          #define NONE_PARITY     0       //无校验
  21          #define ODD_PARITY      1       //奇校验
  22          #define EVEN_PARITY     2       //偶校验
  23          #define MARK_PARITY     3       //标记校验
  24          #define SPACE_PARITY    4       //空白校验
  25          #define PARITYBIT NONE_PARITY   //定义校验位
  26          #define S1_S0 0x40              //P_SW1.6
  27          #define S1_S1 0x80              //P_SW1.7
  28          
  29          // 声明mpu6050内部地址
  30          #define SMPLRT_DIV    0x19  //陀螺仪采样率，典型值：0x07(125Hz)
  31          #define CONFIG      0x1A  //低通滤波频率，典型值：0x06(5Hz)
  32          #define GYRO_CONFIG   0x1B  //陀螺仪自检及测量范围，典型值：0x18(不自检，2000deg/s)
  33          #define ACCEL_CONFIG  0x1C  //加速计自检、测量范围及高通滤波频率，典型值：0x01(不自检，2G，5Hz)
  34          #define ACCEL_XOUT_H  0x3B  
  35          #define ACCEL_XOUT_L  0x3C
  36          #define ACCEL_YOUT_H  0x3D
  37          #define ACCEL_YOUT_L  0x3E
  38          #define ACCEL_ZOUT_H  0x3F
  39          #define ACCEL_ZOUT_L  0x40
  40          #define TEMP_OUT_H    0x41
  41          #define TEMP_OUT_L    0x42
  42          #define GYRO_XOUT_H   0x43
  43          #define GYRO_XOUT_L   0x44  
  44          #define GYRO_YOUT_H   0x45
  45          #define GYRO_YOUT_L   0x46
  46          #define GYRO_ZOUT_H   0x47
  47          #define GYRO_ZOUT_L   0x48
  48          #define PWR_MGMT_1    0x6B  //电源管理，典型值：0x00(正常启用)
  49          #define WHO_AM_I    0x75  //IIC地址寄存器(默认数值0x68，只读)
  50          #define SlaveAddress  0xd0  //IIC写入时的地址字节数据，+1为读取
  51          
  52          // 变量声明
  53          
  54          bit busy;
C51 COMPILER V9.59.0.0   MAIN                                                              07/31/2020 07:55:37 PAGE 2   

  55          float value = 0;
  56          
  57          // 提前声明函数
  58          
  59          void mpu6050_init();
  60          void uart_init();
  61          void Delay5us();
  62          void Delay1000ms();
  63          void SendData(unsigned char dat);
  64          void SendString(char *s);
  65          void  I2C_Start();
  66          void  I2C_Stop();
  67          void  I2C_SendACK(bit ack);
  68          bit   I2C_RecvACK();
  69          void  I2C_SendByte(unsigned char dat);
  70          unsigned char I2C_RecvByte();
  71          unsigned char Single_ReadI2C(unsigned char REG_Address);            //读取I2C数据
  72          void  Single_WriteI2C(unsigned char REG_Address,unsigned char REG_data);    //向I2C写入数据
  73          int GetData(unsigned char REG_Address);
  74          int Get_Gyro_Data(unsigned char gyro_id);
  75          int MPU6050_Get_Angle(int x,int y,int z,unsigned char dir);
  76          int MPU6050_Get_Data(unsigned angle_id);
  77          void serial_one_send_number(long num);
  78          void serial_one_send_float(double float_val, char bit_val);
  79          
  80          
  81          void main(void)
  82          {
  83   1        uart_init();
  84   1        T2L = (65536 - (FOSC/4/BAUD));   //设置波特率重装值
  85   1          T2H = (65536 - (FOSC/4/BAUD))>>8;
  86   1          AUXR = 0x14;                //T2为1T模式, 并启动定时器2
  87   1          AUXR |= 0x01;               //选择定时器2为串口1的波特率发生器
  88   1          ES = 1;                     //使能串口1中断
  89   1          EA = 1;
  90   1        Delay1000ms();
  91   1        SendString("STC15F2K60S2\r\nUart ON !\r\n");
  92   1        mpu6050_init();
  93   1        while (1)
  94   1        {
  95   2          value = MPU6050_Get_Data(1);          //获取与x轴的夹角，角度被放大10倍
  96   2          SendString("x轴的夹角：");
  97   2          Delay5us();
  98   2          serial_one_send_float(value / 10,1);      //角度除以10，并从串口发出,第二个参数为保留一位小数
  99   2          Delay5us();
 100   2          SendString("\r\n");               //换行
 101   2          
 102   2          value = MPU6050_Get_Data(2);          //获取与y轴的夹角，角度被放大10倍
 103   2          SendString("y轴的夹角：");
 104   2          Delay5us();
 105   2          serial_one_send_float(value / 10,1);      //角度除以10，并从串口发出
 106   2          Delay5us();
 107   2          SendString("\r\n");               //换行
 108   2          
 109   2          value = MPU6050_Get_Data(3);          //获取与z轴的夹角，角度被放大10倍
 110   2          SendString("z轴的夹角：");
 111   2          Delay5us();
 112   2          serial_one_send_float(value / 10,1);      //角度除以10，并从串口发出
 113   2          Delay5us();
 114   2          SendString("\r\n");               //换行
 115   2          
 116   2          value = MPU6050_Get_Data(4);          //获取与x轴加速度，数值被放大100倍
C51 COMPILER V9.59.0.0   MAIN                                                              07/31/2020 07:55:37 PAGE 3   

 117   2          SendString("x轴加速度：");
 118   2          Delay5us();
 119   2          serial_one_send_float(value/100,1);       //角度除以100，并从串口发出，第二个参数为保留一位小数
 120   2          Delay5us();
 121   2          SendString("\r\n");               //换行
 122   2          
 123   2          value = MPU6050_Get_Data(5);          //获取与y轴加速度，数值被放大100倍
 124   2          SendString("y轴加速度：");
 125   2          Delay5us();
 126   2          serial_one_send_float(value / 100,1);     //角度除以100，并从串口发出
 127   2          Delay5us();
 128   2          SendString("\r\n");               //换行
 129   2          
 130   2          value = MPU6050_Get_Data(6);          //获取与z轴加速度，数值被放大100倍
 131   2          SendString("z轴加速度：");
 132   2          Delay5us();
 133   2          serial_one_send_float(value / 100,1);     //角度除以100，并从串口发出
 134   2          Delay5us();
 135   2          SendString("\r\n");               //换行
 136   2      
 137   2          value = MPU6050_Get_Data(7);          //获取与温度
 138   2          SendString("当前温度为：");
 139   2          Delay5us();
 140   2          serial_one_send_float(value / 100,1);     //角度除以100，并从串口发出
 141   2          Delay5us();
 142   2          SendString("\r\n");               //换行
 143   2          SendString("\r\n");               //换行
 144   2          Delay1000ms();
 145   2        }
 146   1        
 147   1      
 148   1      }
 149          
 150          /*mpu6050初始化函数*/
 151          void mpu6050_init ()
 152          {
 153   1        // 配置IO输出模式
 154   1        P2M0 = 0x01;
 155   1        P2M1 = 0x00;
 156   1        //配置电源电平
 157   1        Vcc = 1;
 158   1        Gnd = 0;
 159   1        //配置mpu6050地址，ad0为设置最低位地址设置
 160   1        Int = 0;
 161   1        //初始化寄存器
 162   1        Delay1000ms();
 163   1        Single_WriteI2C(PWR_MGMT_1, 0x00);  //解除休眠状态
 164   1        Single_WriteI2C(SMPLRT_DIV, 0x07);
 165   1        Single_WriteI2C(CONFIG, 0x06);
 166   1        Single_WriteI2C(GYRO_CONFIG, 0x18);
 167   1        Single_WriteI2C(ACCEL_CONFIG, 0x01);
 168   1        SendString("Init Done!\r\n");
 169   1      }
 170          
 171          /*uart初始化函数*/
 172          void uart_init ()
 173          {
 174   1        ACC = P_SW1;
 175   1          ACC &= ~(S1_S0 | S1_S1);    //S1_S0=0 S1_S1=0
 176   1          P_SW1 = ACC;                //(P3.0/RxD, P3.1/TxD)
 177   1        #if (PARITYBIT == NONE_PARITY)
 178   1          SCON = 0x50;                //8位可变波特率
C51 COMPILER V9.59.0.0   MAIN                                                              07/31/2020 07:55:37 PAGE 4   

 179   1        #elif (PARITYBIT == ODD_PARITY) || (PARITYBIT == EVEN_PARITY) || (PARITYBIT == MARK_PARITY)
                  SCON = 0xda;                //9位可变波特率,校验位初始为1
                #elif (PARITYBIT == SPACE_PARITY)
                  SCON = 0xd2;                //9位可变波特率,校验位初始为0
                #endif
 184   1      }
 185          
 186          /*延时5us函数*/
 187          void Delay5us()   //@24.000MHz
 188          {
 189   1        unsigned char i;
 190   1      
 191   1        _nop_();
 192   1        _nop_();
 193   1        i = 27;
 194   1        while (--i);
 195   1      }
 196          
 197          /*延时1s函数*/
 198          void Delay1000ms()    //@24.000MHz
 199          {
 200   1        unsigned char i, j, k;
 201   1      
 202   1        _nop_();
 203   1        _nop_();
 204   1        i = 92;
 205   1        j = 50;
 206   1        k = 238;
 207   1        do
 208   1        {
 209   2          do
 210   2          {
 211   3            while (--k);
 212   3          } while (--j);
 213   2        } while (--i);
 214   1      }
 215          
 216          /*串口数据发送*/
 217          void SendData(unsigned char dat)
 218          {
 219   1          while (busy);               //等待前面的数据发送完成
 220   1          ACC = dat;                  //获取校验位P (PSW.0)
 221   1          if (P)                      //根据P来设置校验位
 222   1          {
 223   2          #if (PARITYBIT == ODD_PARITY)
                    TB8 = 0;                //设置校验位为0
                  #elif (PARITYBIT == EVEN_PARITY)
                    TB8 = 1;                //设置校验位为1
                  #endif
 228   2          }
 229   1          else
 230   1          {
 231   2          #if (PARITYBIT == ODD_PARITY)
                        TB8 = 1;                //设置校验位为1
                  #elif (PARITYBIT == EVEN_PARITY)
                        TB8 = 0;                //设置校验位为0
                  #endif
 236   2          }
 237   1          busy = 1;
 238   1          SBUF = ACC;                 //写数据到UART数据寄存器
 239   1      }
 240          
C51 COMPILER V9.59.0.0   MAIN                                                              07/31/2020 07:55:37 PAGE 5   

 241          /*发送字符串*/
 242          void SendString(char *s)
 243          {
 244   1          while (*s)                  //检测字符串结束标志
 245   1          {
 246   2              SendData(*s++);         //发送当前字符
 247   2          }
 248   1      }
 249          
 250          /*I2C开始信号*/
 251          void I2C_Start()
 252          {
 253   1          Sda = 1;                    //拉高数据线
 254   1          Scl = 1;                    //拉高时钟线
 255   1          Delay5us();                 //延时
 256   1          Sda = 0;                    //产生下降沿
 257   1          Delay5us();                 //延时
 258   1          Scl = 0;                    //拉低时钟线
 259   1      }
 260          
 261          /*I2C停止信号*/
 262          void I2C_Stop()
 263          {
 264   1          Sda = 0;                    //拉低数据线
 265   1          Scl = 1;                    //拉高时钟线
 266   1          Delay5us();                 //延时
 267   1          Sda = 1;                    //产生上升沿
 268   1          Delay5us();                 //延时
 269   1      }
 270          
 271          /*I2C发送应答信号*/
 272          void I2C_SendACK(bit ack)
 273          {
 274   1          Sda = ack;                  //写应答信号
 275   1          Scl = 1;                    //拉高时钟线
 276   1          Delay5us();                 //延时
 277   1          Scl = 0;                    //拉低时钟线
 278   1          Delay5us();                 //延时
 279   1      }
 280          
 281          /*I2C接收应答信号*/
 282          bit I2C_RecvACK()
 283          {
 284   1        bit ack;
 285   1          Scl = 1;                    //拉高时钟线
 286   1          Delay5us();                 //延时
 287   1          ack = Sda;                   //读应答信号
 288   1          Scl = 0;                    //拉低时钟线
 289   1          Delay5us();                 //延时
 290   1          return ack;
 291   1      }
 292          
 293          /*I2C发送一个字节数据*/
 294          void I2C_SendByte(unsigned char dat)
 295          {
 296   1          unsigned char i;
 297   1          for (i=0; i<8; i++)         //8位计数器
 298   1          {
 299   2              dat = dat << 1;         //移出数据的最高位
 300   2              Sda = CY;               //送数据口
 301   2              Scl = 1;                //拉高时钟线
 302   2              Delay5us();             //延时
C51 COMPILER V9.59.0.0   MAIN                                                              07/31/2020 07:55:37 PAGE 6   

 303   2              Scl = 0;                //拉低时钟线
 304   2              Delay5us();             //延时
 305   2          }
 306   1           while(I2C_RecvACK());
 307   1      }
 308          
 309          /*I2C接收一个字节数据*/
 310          unsigned char I2C_RecvByte()
 311          {
 312   1          unsigned char i;
 313   1          unsigned char dat = 0;
 314   1          Sda = 1;                    //使能内部上拉,准备读取数据,
 315   1          for (i=0; i<8; i++)         //8位计数器
 316   1          {
 317   2              dat = dat << 1;
 318   2              Scl = 1;                //拉高时钟线
 319   2              Delay5us();             //延时
 320   2              dat |= Sda;             //读数据               
 321   2              Scl = 0;                //拉低时钟线
 322   2              Delay5us();             //延时
 323   2          }
 324   1          return dat;
 325   1      }
 326          
 327          /*I2C写入一个字节数据*/
 328          void Single_WriteI2C(unsigned char REG_Address,unsigned char REG_data)
 329          {
 330   1          I2C_Start();                  //起始信号
 331   1          I2C_SendByte(SlaveAddress);   //发送设备地址+写信号
 332   1          I2C_SendByte(REG_Address);    //内部寄存器地址，
 333   1          I2C_SendByte(REG_data);       //内部寄存器数据，
 334   1          I2C_Stop();                   //发送停止信号
 335   1      }
 336          
 337          /*从I2C设备读取一个字节数据*/
 338          unsigned char Single_ReadI2C(unsigned char REG_Address)
 339          {
 340   1        unsigned char REG_data;
 341   1        I2C_Start();                   //起始信号
 342   1        I2C_SendByte(SlaveAddress);    //发送设备地址+写信号
 343   1        I2C_SendByte(REG_Address);     //发送存储单元地址，从0开始  
 344   1        I2C_Start();                   //起始信号
 345   1        I2C_SendByte(SlaveAddress+1);  //发送设备地址+读信号
 346   1        REG_data=I2C_RecvByte();       //读出寄存器数据
 347   1        I2C_SendACK(1);                //接收应答信号
 348   1        I2C_Stop();                    //停止信号
 349   1        return REG_data;
 350   1      }
 351          
 352          /*数据融合算法*/
 353          int GetData(unsigned char REG_Address)
 354          {
 355   1        unsigned char H,L;
 356   1        H=Single_ReadI2C(REG_Address);
 357   1        L=Single_ReadI2C(REG_Address+1);
 358   1        return (H<<8)+L;   //合成数据
 359   1      }
 360          
 361          /*获取角速度或者加速度*/
 362          int Get_Gyro_Data(unsigned char gyro_id)
 363          {
 364   1        switch(gyro_id)
C51 COMPILER V9.59.0.0   MAIN                                                              07/31/2020 07:55:37 PAGE 7   

 365   1        {
 366   2          case 1: return GetData(ACCEL_XOUT_H); break;
 367   2          case 2: return GetData(ACCEL_YOUT_H); break;
 368   2          case 3: return GetData(ACCEL_ZOUT_H); break;
 369   2          case 4: return GetData(GYRO_XOUT_H) ; break;
 370   2          case 5: return GetData(GYRO_YOUT_H) ; break;
 371   2          case 6: return GetData(GYRO_ZOUT_H) ; break;
 372   2        }
 373   1        return 0;
 374   1      }
 375          
 376          /*转换夹角*/
 377          int MPU6050_Get_Angle(int x,int y,int z,unsigned char dir)
 378          {
 379   1        float xdata temp;
 380   1        float xdata res = 0;
 381   1        switch(dir)
 382   1        {
 383   2          case 0://与z轴的夹角
 384   2              temp = sqrt(((float)x*(float)x+(float)y*(float)y))/(float)z;
 385   2              res  = atan(temp);
 386   2          break;
 387   2          case 1://与x轴的夹角
 388   2              temp = (float)x/sqrt(((float)y*(float)y+(float)z*(float)z));
 389   2              res  = atan(temp);
 390   2          break;
 391   2          case 2://与y轴的夹角
 392   2              temp = (float)y/sqrt(((float)x*(float)x+(float)z*(float)z));
 393   2              res  = atan(temp);
 394   2          break;
 395   2        }
 396   1        return (int)(res*1800/3.1416);//弧度转换为角度,扩大10倍
 397   1      }
 398          
 399          /*数值处理*/
 400          int MPU6050_Get_Data(unsigned angle_id)
 401          {
 402   1        switch(angle_id)
 403   1        {
 404   2          case 1:return MPU6050_Get_Angle( Get_Gyro_Data(1), Get_Gyro_Data(2), Get_Gyro_Data(3), 1);break;
 405   2          case 2:return MPU6050_Get_Angle( Get_Gyro_Data(1), Get_Gyro_Data(2), Get_Gyro_Data(3), 2);break;
 406   2          case 3:return MPU6050_Get_Angle( Get_Gyro_Data(1), Get_Gyro_Data(2), Get_Gyro_Data(3), 0);break;
 407   2          case 4:return (int)((float)((float)Get_Gyro_Data(4)/16384)*9.8*100);
 408   2          case 5:return (int)((float)((float)Get_Gyro_Data(5)/16384)*9.8*100);
 409   2          case 6:return (int)((float)((float)Get_Gyro_Data(6)/16384)*9.8*100);
 410   2          case 7:return (int)(((float)((float)GetData(TEMP_OUT_H)/340)+36.53)*100);
 411   2        }
 412   1        return 0;
 413   1      }
 414          
 415          /*uart发送long数值*/
 416          void serial_one_send_number(long num)
 417          {
 418   1        long dat = 0;
 419   1        unsigned char  length = 0;
 420   1        if(num < 0)                   //当数值为负数时
 421   1        {
 422   2          SendData('-');  //输出负号
 423   2          num = -num;                 //将数值取相反数
 424   2        }
 425   1        
 426   1        if(num == 0)                  //当数值为0时
C51 COMPILER V9.59.0.0   MAIN                                                              07/31/2020 07:55:37 PAGE 8   

 427   1          SendData('0');  //输出字符0
 428   1        else                      //当数值不为0时
 429   1        {
 430   2          while(num)                  //将数值倒过来
 431   2          {
 432   3            dat = dat * 10;
 433   3            dat = dat + num % 10;
 434   3            num = num / 10;
 435   3            length++;
 436   3          }
 437   2          
 438   2          while(length--)             //从第一位开始输出倒过来的数值
 439   2          {
 440   3            SendData(dat % 10 + '0');
 441   3            dat = dat / 10;
 442   3          }
 443   2        }
 444   1      }
 445          
 446          
 447          void serial_one_send_float(double float_val, char bit_val)
 448          {
 449   1        long xdata value_int = 0;
 450   1        long xdata value_flt = 0;
 451   1        
 452   1        if(float_val < 0)
 453   1        {
 454   2          SendData('-');
 455   2          float_val = -float_val;
 456   2        }
 457   1        
 458   1        value_int = (long)float_val;
 459   1        
 460   1        float_val = float_val - (double)value_int;
 461   1        
 462   1        for(;bit_val;bit_val--)
 463   1          float_val = float_val * 10;
 464   1        
 465   1        serial_one_send_number(value_int);
 466   1        SendData('.');
 467   1        serial_one_send_number((long)float_val);
 468   1      }
 469          
 470          
 471          /*uart中断服务程序*/
 472          void Uart() interrupt 4
 473          {
 474   1          if (RI)
 475   1          {
 476   2              RI = 0;                 //清除RI位
 477   2              P0 = SBUF;              //P0显示串口数据
 478   2              P54 = RB8;              //P2.2显示校验位
 479   2          }
 480   1          if (TI)
 481   1          {
 482   2              TI = 0;                 //清除TI位
 483   2              busy = 0;               //清忙标志
 484   2          }
 485   1      }


MODULE INFORMATION:   STATIC OVERLAYABLE
C51 COMPILER V9.59.0.0   MAIN                                                              07/31/2020 07:55:37 PAGE 9   

   CODE SIZE        =   1998    ----
   CONSTANT SIZE    =    127    ----
   XDATA SIZE       =   ----      16
   PDATA SIZE       =   ----    ----
   DATA SIZE        =      4      24
   IDATA SIZE       =   ----    ----
   BIT SIZE         =      1       2
END OF MODULE INFORMATION.


C51 COMPILATION COMPLETE.  0 WARNING(S),  0 ERROR(S)
